| InsecureIVorNonceSource.java:33:51:33:56 | Nonce | Unknown IV/Nonce initialization source. |
| InsecureIVorNonceSource.java:97:51:97:56 | Nonce | Unknown IV/Nonce initialization source. |
