instances
| gen_yield_expr.rs:7:13:7:19 | YieldExpr | getNumberOfAttrs: | 0 | hasExpr: | yes |
getAttr
getExpr
| gen_yield_expr.rs:7:13:7:19 | YieldExpr | gen_yield_expr.rs:7:19:7:19 | 1 |
