instances
| gen_closure_binder.rs:7:21:7:43 | ClosureBinder | hasGenericParamList: | yes |
getGenericParamList
| gen_closure_binder.rs:7:21:7:43 | ClosureBinder | gen_closure_binder.rs:7:24:7:43 | <...> |
