extractionWarning
| included/included.rs:1:1:1:1 | semantic analyzer unavailable (not loaded as its own module, probably included by `!include`) |
