deadEnd
| main.rs:30:12:30:12 | x |
| main.rs:255:17:255:17 | n |
