models
edges
nodes
subpaths
testFailures
| CollectionTaintTracking.cs:10:20:10:38 | // ... | Missing result: hasTaintFlow=1 |
#select
