instances
| gen_closure_expr.rs:5:5:5:13 | \|...\| ... | hasParamList: | yes | getNumberOfAttrs: | 0 | getNumberOfParams: | 1 | hasBody: | yes | hasClosureBinder: | no | isAsync: | no | isConst: | no | isGen: | no | isMove: | no | isStatic: | no | hasRetType: | no |
| gen_closure_expr.rs:6:5:6:34 | \|...\| ... | hasParamList: | yes | getNumberOfAttrs: | 0 | getNumberOfParams: | 1 | hasBody: | yes | hasClosureBinder: | no | isAsync: | no | isConst: | no | isGen: | no | isMove: | yes | isStatic: | no | hasRetType: | yes |
| gen_closure_expr.rs:7:5:7:27 | \|...\| ... | hasParamList: | yes | getNumberOfAttrs: | 0 | getNumberOfParams: | 2 | hasBody: | yes | hasClosureBinder: | no | isAsync: | yes | isConst: | no | isGen: | no | isMove: | no | isStatic: | no | hasRetType: | no |
| gen_closure_expr.rs:8:6:9:15 | \|...\| ... | hasParamList: | yes | getNumberOfAttrs: | 1 | getNumberOfParams: | 1 | hasBody: | yes | hasClosureBinder: | no | isAsync: | no | isConst: | no | isGen: | no | isMove: | no | isStatic: | no | hasRetType: | no |
| gen_closure_expr.rs:10:6:11:23 | \|...\| ... | hasParamList: | yes | getNumberOfAttrs: | 1 | getNumberOfParams: | 1 | hasBody: | yes | hasClosureBinder: | no | isAsync: | no | isConst: | no | isGen: | no | isMove: | no | isStatic: | yes | hasRetType: | no |
getParamList
| gen_closure_expr.rs:5:5:5:13 | \|...\| ... | gen_closure_expr.rs:5:5:5:7 | ParamList |
| gen_closure_expr.rs:6:5:6:34 | \|...\| ... | gen_closure_expr.rs:6:10:6:17 | ParamList |
| gen_closure_expr.rs:7:5:7:27 | \|...\| ... | gen_closure_expr.rs:7:11:7:21 | ParamList |
| gen_closure_expr.rs:8:6:9:15 | \|...\| ... | gen_closure_expr.rs:9:5:9:7 | ParamList |
| gen_closure_expr.rs:10:6:11:23 | \|...\| ... | gen_closure_expr.rs:11:13:11:15 | ParamList |
getAttr
| gen_closure_expr.rs:8:6:9:15 | \|...\| ... | 0 | gen_closure_expr.rs:8:6:8:17 | Attr |
| gen_closure_expr.rs:10:6:11:23 | \|...\| ... | 0 | gen_closure_expr.rs:10:6:10:17 | Attr |
getParam
| gen_closure_expr.rs:5:5:5:13 | \|...\| ... | 0 | gen_closure_expr.rs:5:6:5:6 | ... |
| gen_closure_expr.rs:6:5:6:34 | \|...\| ... | 0 | gen_closure_expr.rs:6:11:6:16 | ...: i32 |
| gen_closure_expr.rs:7:5:7:27 | \|...\| ... | 0 | gen_closure_expr.rs:7:12:7:17 | ...: i32 |
| gen_closure_expr.rs:7:5:7:27 | \|...\| ... | 1 | gen_closure_expr.rs:7:20:7:20 | ... |
| gen_closure_expr.rs:8:6:9:15 | \|...\| ... | 0 | gen_closure_expr.rs:9:6:9:6 | ... |
| gen_closure_expr.rs:10:6:11:23 | \|...\| ... | 0 | gen_closure_expr.rs:11:14:11:14 | ... |
getBody
| gen_closure_expr.rs:5:5:5:13 | \|...\| ... | gen_closure_expr.rs:5:9:5:13 | ... + ... |
| gen_closure_expr.rs:6:5:6:34 | \|...\| ... | gen_closure_expr.rs:6:26:6:34 | { ... } |
| gen_closure_expr.rs:7:5:7:27 | \|...\| ... | gen_closure_expr.rs:7:23:7:27 | ... + ... |
| gen_closure_expr.rs:8:6:9:15 | \|...\| ... | gen_closure_expr.rs:9:9:9:15 | YieldExpr |
| gen_closure_expr.rs:10:6:11:23 | \|...\| ... | gen_closure_expr.rs:11:17:11:23 | YieldExpr |
getClosureBinder
getRetType
| gen_closure_expr.rs:6:5:6:34 | \|...\| ... | gen_closure_expr.rs:6:19:6:24 | RetTypeRepr |
