| openssl_basic.c:23:37:23:51 | KeyOperationAlgorithm |
| openssl_basic.c:23:37:23:51 | ModeOfOperation |
| openssl_basic.c:31:49:31:51 | Key |
| openssl_basic.c:31:54:31:55 | Nonce |
| openssl_basic.c:35:36:35:45 | KeyOperationOutput |
| openssl_basic.c:35:54:35:62 | Message |
| openssl_basic.c:40:13:40:31 | EncryptOperation |
| openssl_basic.c:40:38:40:53 | KeyOperationOutput |
| openssl_basic.c:69:33:69:47 | KeyOperationAlgorithm |
| openssl_basic.c:69:33:69:47 | ModeOfOperation |
| openssl_basic.c:77:45:77:47 | Key |
| openssl_basic.c:77:50:77:51 | Nonce |
| openssl_basic.c:81:32:81:40 | KeyOperationOutput |
| openssl_basic.c:81:49:81:58 | Message |
| openssl_basic.c:90:11:90:29 | DecryptOperation |
| openssl_basic.c:90:36:90:50 | KeyOperationOutput |
| openssl_basic.c:116:38:116:47 | HashAlgorithm |
| openssl_basic.c:120:37:120:43 | Message |
| openssl_basic.c:124:13:124:30 | HashOperation |
| openssl_basic.c:124:39:124:44 | Digest |
| openssl_basic.c:144:13:144:22 | HashOperation |
| openssl_basic.c:144:24:144:30 | Message |
| openssl_basic.c:144:46:144:51 | Digest |
| openssl_basic.c:144:67:144:73 | HashAlgorithm |
| openssl_basic.c:155:22:155:41 | Key |
| openssl_basic.c:155:22:155:41 | KeyGeneration |
| openssl_basic.c:155:43:155:55 | HMACAlgorithm |
| openssl_basic.c:155:64:155:66 | Key |
| openssl_basic.c:160:39:160:48 | HashAlgorithm |
| openssl_basic.c:160:59:160:62 | Key |
| openssl_basic.c:163:35:163:41 | Message |
| openssl_basic.c:167:9:167:27 | SignatureOrMACOperation |
| openssl_basic.c:167:34:167:36 | SignatureOutput |
| openssl_basic.c:179:43:179:76 | Constant |
| openssl_basic.c:180:42:180:59 | Constant |
| openssl_basic.c:181:49:181:87 | Constant |
| openssl_basic.c:218:32:218:33 | Constant |
| openssl_basic.c:231:27:231:49 | Constant |
| openssl_basic.c:235:51:235:55 | KeyOperationAlgorithm |
| openssl_basic.c:237:54:237:57 | Constant |
| openssl_basic.c:238:9:238:25 | KeyGeneration |
| openssl_basic.c:238:39:238:43 | Key |
| openssl_basic.c:243:52:243:55 | Key |
| openssl_basic.c:249:51:249:72 | PaddingAlgorithm |
| openssl_basic.c:250:51:250:60 | HashAlgorithm |
| openssl_basic.c:251:51:251:60 | HashAlgorithm |
| openssl_basic.c:262:24:262:39 | EncryptOperation |
| openssl_basic.c:262:54:262:63 | KeyOperationOutput |
| openssl_basic.c:263:64:263:70 | Message |
| openssl_pkey.c:21:10:21:28 | KeyGeneration |
| openssl_pkey.c:21:10:21:28 | KeyOperationAlgorithm |
| openssl_pkey.c:21:30:21:32 | Key |
| openssl_pkey.c:45:49:45:65 | Constant |
| openssl_pkey.c:50:31:50:42 | KeyOperationAlgorithm |
| openssl_pkey.c:54:47:54:50 | Constant |
| openssl_pkey.c:55:9:55:23 | KeyGeneration |
| openssl_pkey.c:55:30:55:34 | Key |
| openssl_pkey.c:60:28:60:31 | Key |
| openssl_pkey.c:64:9:64:24 | EncryptOperation |
| openssl_pkey.c:64:31:64:39 | KeyOperationOutput |
| openssl_pkey.c:64:58:64:66 | Message |
| openssl_signature.c:25:34:25:40 | Message |
| openssl_signature.c:26:9:26:26 | HashOperation |
| openssl_signature.c:26:36:26:41 | Digest |
| openssl_signature.c:63:32:63:38 | Message |
| openssl_signature.c:68:28:68:36 | Message |
| openssl_signature.c:73:9:73:21 | SignOperation |
| openssl_signature.c:73:31:73:40 | SignatureOutput |
| openssl_signature.c:73:53:73:56 | Key |
| openssl_signature.c:126:52:126:55 | Key |
| openssl_signature.c:127:38:127:44 | Message |
| openssl_signature.c:128:9:128:27 | SignatureOrMACOperation |
| openssl_signature.c:128:37:128:40 | SignatureOutput |
| openssl_signature.c:135:9:135:27 | SignatureOrMACOperation |
| openssl_signature.c:135:37:135:46 | SignatureOutput |
| openssl_signature.c:158:54:158:57 | Key |
| openssl_signature.c:159:40:159:46 | Message |
| openssl_signature.c:160:9:160:29 | VerifyOperation |
| openssl_signature.c:160:39:160:47 | SignatureInput |
| openssl_signature.c:182:57:182:60 | Key |
| openssl_signature.c:185:44:185:64 | PaddingAlgorithm |
| openssl_signature.c:187:38:187:44 | Message |
| openssl_signature.c:188:9:188:27 | SignatureOrMACOperation |
| openssl_signature.c:188:37:188:40 | SignatureOutput |
| openssl_signature.c:195:9:195:27 | SignatureOrMACOperation |
| openssl_signature.c:195:37:195:46 | SignatureOutput |
| openssl_signature.c:218:59:218:62 | Key |
| openssl_signature.c:222:44:222:64 | PaddingAlgorithm |
| openssl_signature.c:224:40:224:46 | Message |
| openssl_signature.c:225:9:225:29 | VerifyOperation |
| openssl_signature.c:225:39:225:47 | SignatureInput |
| openssl_signature.c:250:39:250:42 | Key |
| openssl_signature.c:253:9:253:21 | SignOperation |
| openssl_signature.c:253:33:253:36 | SignatureOutput |
| openssl_signature.c:253:54:253:59 | Message |
| openssl_signature.c:260:9:260:21 | SignOperation |
| openssl_signature.c:260:33:260:42 | SignatureOutput |
| openssl_signature.c:260:60:260:65 | Message |
| openssl_signature.c:282:39:282:42 | Key |
| openssl_signature.c:285:9:285:23 | VerifyOperation |
| openssl_signature.c:285:35:285:43 | SignatureInput |
| openssl_signature.c:285:61:285:66 | Message |
| openssl_signature.c:311:39:311:42 | Key |
| openssl_signature.c:316:48:316:54 | Message |
| openssl_signature.c:317:9:317:35 | SignOperation |
| openssl_signature.c:317:47:317:50 | SignatureOutput |
| openssl_signature.c:324:9:324:35 | SignOperation |
| openssl_signature.c:324:47:324:56 | SignatureOutput |
| openssl_signature.c:347:39:347:42 | Key |
| openssl_signature.c:353:42:353:50 | SignatureInput |
| openssl_signature.c:355:50:355:56 | Message |
| openssl_signature.c:356:9:356:37 | VerifyOperation |
| openssl_signature.c:388:9:388:16 | KeyOperationAlgorithm |
| openssl_signature.c:388:9:388:16 | SignOperation |
| openssl_signature.c:388:28:388:33 | Message |
| openssl_signature.c:388:48:388:57 | SignatureOutput |
| openssl_signature.c:389:48:389:54 | Key |
| openssl_signature.c:411:12:411:21 | KeyOperationAlgorithm |
| openssl_signature.c:411:12:411:21 | VerifyOperation |
| openssl_signature.c:411:33:411:38 | Message |
| openssl_signature.c:411:53:411:61 | SignatureInput |
| openssl_signature.c:412:51:412:57 | Key |
| openssl_signature.c:519:35:519:46 | KeyOperationAlgorithm |
| openssl_signature.c:523:51:523:54 | Constant |
| openssl_signature.c:524:9:524:23 | KeyGeneration |
| openssl_signature.c:524:34:524:37 | Key |
| openssl_signature.c:541:50:541:54 | KeyOperationAlgorithm |
| openssl_signature.c:545:55:545:58 | Constant |
| openssl_signature.c:551:32:551:37 | Key |
| openssl_signature.c:554:9:554:23 | KeyGeneration |
| openssl_signature.c:554:34:554:37 | Key |
| openssl_signature.c:574:37:574:74 | Constant |
| openssl_signature.c:575:24:575:30 | HashAlgorithm |
| openssl_signature.c:583:35:583:46 | KeyOperationAlgorithm |
| openssl_signature.c:587:51:587:54 | Constant |
| openssl_signature.c:588:9:588:23 | KeyGeneration |
| openssl_signature.c:588:34:588:37 | Key |
| openssl_signature.c:596:15:596:31 | KeyOperationAlgorithm |
| openssl_signature.c:604:37:604:46 | HashAlgorithm |
| openssl_signature.c:606:41:606:50 | HashAlgorithm |
| openssl_signature.c:624:37:624:74 | Constant |
| openssl_signature.c:625:24:625:33 | HashAlgorithm |
| openssl_signature.c:660:37:660:61 | Constant |
| openssl_signature.c:661:24:661:33 | HashAlgorithm |
| openssl_signature.c:670:35:670:46 | KeyOperationAlgorithm |
| openssl_signature.c:674:51:674:54 | Constant |
| openssl_signature.c:675:9:675:23 | KeyGeneration |
| openssl_signature.c:675:34:675:37 | Key |
| openssl_signature.c:701:37:701:67 | Constant |
| openssl_signature.c:702:24:702:33 | HashAlgorithm |
| openssl_signature.c:711:35:711:46 | KeyOperationAlgorithm |
| openssl_signature.c:715:51:715:54 | Constant |
| openssl_signature.c:716:9:716:23 | KeyGeneration |
| openssl_signature.c:716:34:716:37 | Key |
| openssl_signature.c:741:37:741:66 | Constant |
| openssl_signature.c:742:24:742:31 | HashAlgorithm |
| openssl_signature.c:755:35:755:46 | KeyOperationAlgorithm |
| openssl_signature.c:759:51:759:54 | Constant |
| openssl_signature.c:760:9:760:23 | KeyGeneration |
| openssl_signature.c:760:34:760:37 | Key |
| openssl_signature.c:786:37:786:73 | Constant |
| openssl_signature.c:787:24:787:31 | HashAlgorithm |
| openssl_signature.c:795:35:795:46 | KeyOperationAlgorithm |
| openssl_signature.c:799:51:799:54 | Constant |
| openssl_signature.c:800:9:800:23 | KeyGeneration |
| openssl_signature.c:800:34:800:37 | Key |
| openssl_signature.c:826:37:826:63 | Constant |
| openssl_signature.c:833:35:833:46 | KeyOperationAlgorithm |
| openssl_signature.c:837:51:837:54 | Constant |
| openssl_signature.c:838:9:838:23 | KeyGeneration |
| openssl_signature.c:838:34:838:37 | Key |
| openssl_signature.c:847:85:847:96 | HashAlgorithm |
| openssl_signature.c:847:85:847:96 | KeyOperationAlgorithm |
| openssl_signature.c:848:87:848:98 | HashAlgorithm |
| openssl_signature.c:848:87:848:98 | KeyOperationAlgorithm |
