src/main/java/com/example
src/main/java/com/example/Hello.java
