| my_macro.rs:17:9:17:27 | myUndefinedMacro!... | Macro call was not resolved to a target. |
| my_struct.rs:17:9:17:33 | println!... | Macro call was not resolved to a target. |
