instances
| gen_asm_operand_named.rs:8:34:8:43 | AsmOperandNamed | hasAsmOperand: | yes | hasName: | no |
| gen_asm_operand_named.rs:8:46:8:62 | AsmOperandNamed | hasAsmOperand: | yes | hasName: | yes |
getAsmOperand
| gen_asm_operand_named.rs:8:34:8:43 | AsmOperandNamed | gen_asm_operand_named.rs:8:34:8:43 | AsmRegOperand |
| gen_asm_operand_named.rs:8:46:8:62 | AsmOperandNamed | gen_asm_operand_named.rs:8:54:8:62 | AsmRegOperand |
getName
| gen_asm_operand_named.rs:8:46:8:62 | AsmOperandNamed | gen_asm_operand_named.rs:8:46:8:50 | input |
