| Test.java:19:38:19:40 | RandomNumberGeneration | Nonce source is reused, see $@ and $@ | Test.java:40:47:40:52 | Nonce | Nonce | Test.java:49:47:49:52 | Nonce | Nonce |
| Test.java:19:38:19:40 | RandomNumberGeneration | Nonce source is reused, see $@ and $@ | Test.java:49:47:49:52 | Nonce | Nonce | Test.java:40:47:40:52 | Nonce | Nonce |
| Test.java:19:38:19:40 | RandomNumberGeneration | Nonce source is reused, see $@ and $@ | Test.java:76:48:76:54 | Nonce | Nonce | Test.java:82:49:82:55 | Nonce | Nonce |
| Test.java:19:38:19:40 | RandomNumberGeneration | Nonce source is reused, see $@ and $@ | Test.java:82:49:82:55 | Nonce | Nonce | Test.java:76:48:76:54 | Nonce | Nonce |
