multiplePathResolutions
| deallocation.rs:106:16:106:19 | libc | file://:0:0:0:0 | Crate(libc@0.2.172) |
| deallocation.rs:106:16:106:19 | libc | file://:0:0:0:0 | Crate(libc@0.2.173) |
| deallocation.rs:112:3:112:6 | libc | file://:0:0:0:0 | Crate(libc@0.2.172) |
| deallocation.rs:112:3:112:6 | libc | file://:0:0:0:0 | Crate(libc@0.2.173) |
| deallocation.rs:112:29:112:32 | libc | file://:0:0:0:0 | Crate(libc@0.2.172) |
| deallocation.rs:112:29:112:32 | libc | file://:0:0:0:0 | Crate(libc@0.2.173) |
| deallocation.rs:260:11:260:22 | ...::from | file://:0:0:0:0 | fn from |
| deallocation.rs:260:11:260:22 | ...::from | file://:0:0:0:0 | fn from |
| deallocation.rs:260:11:260:22 | ...::from | file://:0:0:0:0 | fn from |
| deallocation.rs:260:11:260:22 | ...::from | file://:0:0:0:0 | fn from |
| deallocation.rs:260:11:260:22 | ...::from | file://:0:0:0:0 | fn from |
| deallocation.rs:260:11:260:22 | ...::from | file://:0:0:0:0 | fn from |
| deallocation.rs:261:11:261:22 | ...::from | file://:0:0:0:0 | fn from |
| deallocation.rs:261:11:261:22 | ...::from | file://:0:0:0:0 | fn from |
| deallocation.rs:261:11:261:22 | ...::from | file://:0:0:0:0 | fn from |
| deallocation.rs:261:11:261:22 | ...::from | file://:0:0:0:0 | fn from |
| deallocation.rs:261:11:261:22 | ...::from | file://:0:0:0:0 | fn from |
| deallocation.rs:261:11:261:22 | ...::from | file://:0:0:0:0 | fn from |
