multipleMethodCallTargets
| dereference.rs:61:15:61:24 | e1.deref() | file://:0:0:0:0 | fn deref |
| dereference.rs:61:15:61:24 | e1.deref() | file://:0:0:0:0 | fn deref |
multiplePathResolutions
| main.rs:1957:13:1957:24 | ...::from | file://:0:0:0:0 | fn from |
| main.rs:1957:13:1957:24 | ...::from | file://:0:0:0:0 | fn from |
| main.rs:1957:13:1957:24 | ...::from | file://:0:0:0:0 | fn from |
| main.rs:1957:13:1957:24 | ...::from | file://:0:0:0:0 | fn from |
| main.rs:1957:13:1957:24 | ...::from | file://:0:0:0:0 | fn from |
| main.rs:1957:13:1957:24 | ...::from | file://:0:0:0:0 | fn from |
| main.rs:1958:13:1958:24 | ...::from | file://:0:0:0:0 | fn from |
| main.rs:1958:13:1958:24 | ...::from | file://:0:0:0:0 | fn from |
| main.rs:1958:13:1958:24 | ...::from | file://:0:0:0:0 | fn from |
| main.rs:1958:13:1958:24 | ...::from | file://:0:0:0:0 | fn from |
| main.rs:1958:13:1958:24 | ...::from | file://:0:0:0:0 | fn from |
| main.rs:1958:13:1958:24 | ...::from | file://:0:0:0:0 | fn from |
| main.rs:1959:13:1959:24 | ...::from | file://:0:0:0:0 | fn from |
| main.rs:1959:13:1959:24 | ...::from | file://:0:0:0:0 | fn from |
| main.rs:1959:13:1959:24 | ...::from | file://:0:0:0:0 | fn from |
| main.rs:1959:13:1959:24 | ...::from | file://:0:0:0:0 | fn from |
| main.rs:1959:13:1959:24 | ...::from | file://:0:0:0:0 | fn from |
| main.rs:1959:13:1959:24 | ...::from | file://:0:0:0:0 | fn from |
| main.rs:1964:13:1964:24 | ...::from | file://:0:0:0:0 | fn from |
| main.rs:1964:13:1964:24 | ...::from | file://:0:0:0:0 | fn from |
| main.rs:1964:13:1964:24 | ...::from | file://:0:0:0:0 | fn from |
| main.rs:1964:13:1964:24 | ...::from | file://:0:0:0:0 | fn from |
| main.rs:1964:13:1964:24 | ...::from | file://:0:0:0:0 | fn from |
| main.rs:1964:13:1964:24 | ...::from | file://:0:0:0:0 | fn from |
| main.rs:1965:13:1965:24 | ...::from | file://:0:0:0:0 | fn from |
| main.rs:1965:13:1965:24 | ...::from | file://:0:0:0:0 | fn from |
| main.rs:1965:13:1965:24 | ...::from | file://:0:0:0:0 | fn from |
| main.rs:1965:13:1965:24 | ...::from | file://:0:0:0:0 | fn from |
| main.rs:1965:13:1965:24 | ...::from | file://:0:0:0:0 | fn from |
| main.rs:1965:13:1965:24 | ...::from | file://:0:0:0:0 | fn from |
| main.rs:1966:13:1966:24 | ...::from | file://:0:0:0:0 | fn from |
| main.rs:1966:13:1966:24 | ...::from | file://:0:0:0:0 | fn from |
| main.rs:1966:13:1966:24 | ...::from | file://:0:0:0:0 | fn from |
| main.rs:1966:13:1966:24 | ...::from | file://:0:0:0:0 | fn from |
| main.rs:1966:13:1966:24 | ...::from | file://:0:0:0:0 | fn from |
| main.rs:1966:13:1966:24 | ...::from | file://:0:0:0:0 | fn from |
| main.rs:2000:21:2000:29 | ...::from | file://:0:0:0:0 | fn from |
| main.rs:2000:21:2000:29 | ...::from | file://:0:0:0:0 | fn from |
| main.rs:2000:21:2000:29 | ...::from | file://:0:0:0:0 | fn from |
| main.rs:2000:21:2000:29 | ...::from | file://:0:0:0:0 | fn from |
| main.rs:2000:21:2000:29 | ...::from | file://:0:0:0:0 | fn from |
| main.rs:2000:21:2000:29 | ...::from | file://:0:0:0:0 | fn from |
| main.rs:2000:21:2000:29 | ...::from | file://:0:0:0:0 | fn from |
| main.rs:2000:21:2000:29 | ...::from | file://:0:0:0:0 | fn from |
| main.rs:2000:21:2000:29 | ...::from | file://:0:0:0:0 | fn from |
| main.rs:2000:21:2000:29 | ...::from | file://:0:0:0:0 | fn from |
| main.rs:2000:21:2000:29 | ...::from | file://:0:0:0:0 | fn from |
| main.rs:2000:21:2000:29 | ...::from | file://:0:0:0:0 | fn from |
