instances
| gen_extern_block.rs:7:5:9:5 | ExternBlock | hasExtendedCanonicalPath: | no | hasCrateOrigin: | no | hasAttributeMacroExpansion: | no | hasAbi: | yes | getNumberOfAttrs: | 0 | hasExternItemList: | yes | isUnsafe: | no |
getExtendedCanonicalPath
getCrateOrigin
getAttributeMacroExpansion
getAbi
| gen_extern_block.rs:7:5:9:5 | ExternBlock | gen_extern_block.rs:7:5:7:14 | Abi |
getAttr
getExternItemList
| gen_extern_block.rs:7:5:9:5 | ExternBlock | gen_extern_block.rs:7:16:9:5 | ExternItemList |
