| test.py:8:5:8:37 | ControlFlowNode for Attribute() | Cookie is added without the Secure attribute properly set. |
| test.py:10:5:10:52 | ControlFlowNode for Attribute() | Cookie is added without the Secure attribute properly set. |
| test.py:11:5:11:56 | ControlFlowNode for Attribute() | Cookie is added without the Secure attribute properly set. |
| test.py:12:5:12:53 | ControlFlowNode for Attribute() | Cookie is added without the Secure attribute properly set. |
| test.py:13:5:13:54 | ControlFlowNode for Attribute() | Cookie is added without the Secure attribute properly set. |
| test.py:15:5:15:71 | ControlFlowNode for Attribute() | Cookie is added without the Secure attribute properly set. |
| test.py:17:5:17:69 | ControlFlowNode for Attribute() | Cookie is added without the Secure attribute properly set. |
