instances
| gen_for_type_repr.rs:8:19:8:31 | ForTypeRepr |
getForBinder
| gen_for_type_repr.rs:8:19:8:31 | ForTypeRepr | gen_for_type_repr.rs:8:19:8:25 | for<...> |
getTypeRepr
| gen_for_type_repr.rs:8:19:8:31 | ForTypeRepr | gen_for_type_repr.rs:8:27:8:31 | usize |
