instances
| gen_source_file.rs:1:1:9:2 | SourceFile | getNumberOfAttrs: | 0 | getNumberOfItems: | 1 |
| lib.rs:1:1:1:20 | SourceFile | getNumberOfAttrs: | 0 | getNumberOfItems: | 1 |
getAttr
getItem
| gen_source_file.rs:1:1:9:2 | SourceFile | 0 | gen_source_file.rs:3:1:9:1 | fn test_source_file |
| lib.rs:1:1:1:20 | SourceFile | 0 | lib.rs:1:1:1:20 | mod gen_source_file |
