#select
| main.rs:12:22:12:43 | ...::get | main.rs:12:45:12:68 | "http://example.com/api" | main.rs:12:22:12:43 | ...::get | This URL may be constructed with the HTTP protocol, from $@. | main.rs:12:45:12:68 | "http://example.com/api" | this HTTP URL |
| main.rs:13:22:13:43 | ...::get | main.rs:13:45:13:73 | "http://api.example.com/data" | main.rs:13:22:13:43 | ...::get | This URL may be constructed with the HTTP protocol, from $@. | main.rs:13:45:13:73 | "http://api.example.com/data" | this HTTP URL |
| main.rs:25:21:25:42 | ...::get | main.rs:22:20:22:39 | "http://example.com" | main.rs:25:21:25:42 | ...::get | This URL may be constructed with the HTTP protocol, from $@. | main.rs:22:20:22:39 | "http://example.com" | this HTTP URL |
| main.rs:36:30:36:51 | ...::get | main.rs:33:20:33:28 | "http://" | main.rs:36:30:36:51 | ...::get | This URL may be constructed with the HTTP protocol, from $@. | main.rs:33:20:33:28 | "http://" | this HTTP URL |
| main.rs:60:21:60:42 | ...::get | main.rs:59:15:59:49 | "http://example.com/sensitive-... | main.rs:60:21:60:42 | ...::get | This URL may be constructed with the HTTP protocol, from $@. | main.rs:59:15:59:49 | "http://example.com/sensitive-... | this HTTP URL |
edges
| main.rs:12:45:12:68 | "http://example.com/api" | main.rs:12:22:12:43 | ...::get | provenance | MaD:1 Sink:MaD:1 |
| main.rs:13:45:13:73 | "http://api.example.com/data" | main.rs:13:22:13:43 | ...::get | provenance | MaD:1 Sink:MaD:1 |
| main.rs:22:9:22:16 | base_url | main.rs:24:28:24:53 | MacroExpr | provenance |  |
| main.rs:22:20:22:39 | "http://example.com" | main.rs:22:9:22:16 | base_url | provenance |  |
| main.rs:24:9:24:16 | full_url | main.rs:25:45:25:52 | full_url | provenance |  |
| main.rs:24:20:24:26 | res | main.rs:24:28:24:53 | { ... } | provenance |  |
| main.rs:24:28:24:53 | ...::format(...) | main.rs:24:20:24:26 | res | provenance |  |
| main.rs:24:28:24:53 | ...::must_use(...) | main.rs:24:9:24:16 | full_url | provenance |  |
| main.rs:24:28:24:53 | MacroExpr | main.rs:24:28:24:53 | ...::format(...) | provenance | MaD:2 |
| main.rs:24:28:24:53 | { ... } | main.rs:24:28:24:53 | ...::must_use(...) | provenance | MaD:3 |
| main.rs:25:44:25:52 | &full_url [&ref] | main.rs:25:21:25:42 | ...::get | provenance | MaD:1 Sink:MaD:1 |
| main.rs:25:45:25:52 | full_url | main.rs:25:44:25:52 | &full_url [&ref] | provenance |  |
| main.rs:33:9:33:16 | protocol | main.rs:35:32:35:53 | MacroExpr | provenance |  |
| main.rs:33:20:33:28 | "http://" | main.rs:33:9:33:16 | protocol | provenance |  |
| main.rs:35:9:35:20 | insecure_url | main.rs:36:54:36:65 | insecure_url | provenance |  |
| main.rs:35:24:35:30 | res | main.rs:35:32:35:53 | { ... } | provenance |  |
| main.rs:35:32:35:53 | ...::format(...) | main.rs:35:24:35:30 | res | provenance |  |
| main.rs:35:32:35:53 | ...::must_use(...) | main.rs:35:9:35:20 | insecure_url | provenance |  |
| main.rs:35:32:35:53 | MacroExpr | main.rs:35:32:35:53 | ...::format(...) | provenance | MaD:2 |
| main.rs:35:32:35:53 | { ... } | main.rs:35:32:35:53 | ...::must_use(...) | provenance | MaD:3 |
| main.rs:36:53:36:65 | &insecure_url [&ref] | main.rs:36:30:36:51 | ...::get | provenance | MaD:1 Sink:MaD:1 |
| main.rs:36:54:36:65 | insecure_url | main.rs:36:53:36:65 | &insecure_url [&ref] | provenance |  |
| main.rs:59:9:59:11 | url | main.rs:60:44:60:46 | url | provenance |  |
| main.rs:59:15:59:49 | "http://example.com/sensitive-... | main.rs:59:9:59:11 | url | provenance |  |
| main.rs:60:44:60:46 | url | main.rs:60:21:60:42 | ...::get | provenance | MaD:1 Sink:MaD:1 |
models
| 1 | Sink: reqwest::blocking::get; Argument[0]; request-url |
| 2 | Summary: alloc::fmt::format; Argument[0]; ReturnValue; taint |
| 3 | Summary: core::hint::must_use; Argument[0]; ReturnValue; value |
nodes
| main.rs:12:22:12:43 | ...::get | semmle.label | ...::get |
| main.rs:12:45:12:68 | "http://example.com/api" | semmle.label | "http://example.com/api" |
| main.rs:13:22:13:43 | ...::get | semmle.label | ...::get |
| main.rs:13:45:13:73 | "http://api.example.com/data" | semmle.label | "http://api.example.com/data" |
| main.rs:22:9:22:16 | base_url | semmle.label | base_url |
| main.rs:22:20:22:39 | "http://example.com" | semmle.label | "http://example.com" |
| main.rs:24:9:24:16 | full_url | semmle.label | full_url |
| main.rs:24:20:24:26 | res | semmle.label | res |
| main.rs:24:28:24:53 | ...::format(...) | semmle.label | ...::format(...) |
| main.rs:24:28:24:53 | ...::must_use(...) | semmle.label | ...::must_use(...) |
| main.rs:24:28:24:53 | MacroExpr | semmle.label | MacroExpr |
| main.rs:24:28:24:53 | { ... } | semmle.label | { ... } |
| main.rs:25:21:25:42 | ...::get | semmle.label | ...::get |
| main.rs:25:44:25:52 | &full_url [&ref] | semmle.label | &full_url [&ref] |
| main.rs:25:45:25:52 | full_url | semmle.label | full_url |
| main.rs:33:9:33:16 | protocol | semmle.label | protocol |
| main.rs:33:20:33:28 | "http://" | semmle.label | "http://" |
| main.rs:35:9:35:20 | insecure_url | semmle.label | insecure_url |
| main.rs:35:24:35:30 | res | semmle.label | res |
| main.rs:35:32:35:53 | ...::format(...) | semmle.label | ...::format(...) |
| main.rs:35:32:35:53 | ...::must_use(...) | semmle.label | ...::must_use(...) |
| main.rs:35:32:35:53 | MacroExpr | semmle.label | MacroExpr |
| main.rs:35:32:35:53 | { ... } | semmle.label | { ... } |
| main.rs:36:30:36:51 | ...::get | semmle.label | ...::get |
| main.rs:36:53:36:65 | &insecure_url [&ref] | semmle.label | &insecure_url [&ref] |
| main.rs:36:54:36:65 | insecure_url | semmle.label | insecure_url |
| main.rs:59:9:59:11 | url | semmle.label | url |
| main.rs:59:15:59:49 | "http://example.com/sensitive-... | semmle.label | "http://example.com/sensitive-... |
| main.rs:60:21:60:42 | ...::get | semmle.label | ...::get |
| main.rs:60:44:60:46 | url | semmle.label | url |
subpaths
testFailures
| main.rs:22:20:22:39 | "http://example.com" | Unexpected result: Source |
| main.rs:22:42:22:71 | //... | Missing result: Alert[rust/non-https-url] |
| main.rs:25:21:25:42 | ...::get | Unexpected result: Alert |
| main.rs:33:20:33:28 | "http://" | Unexpected result: Source |
| main.rs:33:31:33:60 | //... | Missing result: Alert[rust/non-https-url] |
| main.rs:36:30:36:51 | ...::get | Unexpected result: Alert |
| main.rs:59:15:59:49 | "http://example.com/sensitive-... | Unexpected result: Source |
| main.rs:59:52:59:81 | //... | Missing result: Alert[rust/non-https-url] |
| main.rs:60:21:60:42 | ...::get | Unexpected result: Alert |
