missingOperand
unexpectedOperand
duplicateOperand
missingPhiOperand
missingOperandType
duplicateChiOperand
sideEffectWithoutPrimary
instructionWithoutSuccessor
| ir.cpp:2808:5:2808:26 | VariableAddress: return ... | Instruction 'VariableAddress: return ...' has no successors in function '$@'. | ir.cpp:2801:8:2801:23 | size_t vla_sizeof_test3(int, size_t, char, bool) | size_t vla_sizeof_test3(int, size_t, char, bool) |
ambiguousSuccessors
unexplainedLoop
unnecessaryPhiInstruction
memoryOperandDefinitionIsUnmodeled
operandAcrossFunctions
instructionWithoutUniqueBlock
missingCanonicalLanguageType
multipleCanonicalLanguageTypes
containsLoopOfForwardEdges
missingIRType
multipleIRTypes
lostReachability
backEdgeCountMismatch
useNotDominatedByDefinition
switchInstructionWithoutDefaultEdge
notMarkedAsConflated
wronglyMarkedAsConflated
invalidOverlap
nonUniqueEnclosingIRFunction
fieldAddressOnNonPointer
thisArgumentIsNonPointer
| ir.cpp:2546:34:2546:34 | Call: call to operator bool | Call instruction 'Call: call to operator bool' has a `this` argument operand that is not an address, in function '$@'. | ir.cpp:2545:6:2545:23 | void this_inconsistency(bool) | void this_inconsistency(bool) |
nonUniqueIRVariable
nonBooleanOperand
missingCppType
