| JWTParsingAlgorithm.go:22:4:25:5 | call to Parse | This Parse Call to Verify the JWT token may be vulnerable to algorithim confusion |
| JWTParsingAlgorithm.go:40:22:43:5 | call to Parse | This Parse Call to Verify the JWT token may be vulnerable to algorithim confusion |