multipleCallTargets
| mysql.rs:15:24:15:39 | ...::from(...) |
| mysql.rs:16:26:16:85 | ...::from(...) |
| mysql.rs:18:13:18:66 | ...::from(...) |
| mysql.rs:19:30:19:83 | ...::from(...) |
| mysql.rs:22:38:22:56 | safe_query.as_str() |
| mysql.rs:25:38:25:58 | unsafe_query.as_str() |
| mysql.rs:26:64:26:84 | unsafe_query.as_str() |
| mysql.rs:27:25:27:45 | unsafe_query.as_str() |
| mysql.rs:28:39:28:59 | unsafe_query.as_str() |
| mysql.rs:29:65:29:85 | unsafe_query.as_str() |
| mysql.rs:30:33:30:53 | unsafe_query.as_str() |
| mysql.rs:32:13:32:33 | unsafe_query.as_str() |
| mysql.rs:36:33:36:53 | unsafe_query.as_str() |
| mysql.rs:37:32:37:52 | unsafe_query.as_str() |
| mysql.rs:39:13:39:33 | unsafe_query.as_str() |
| mysql.rs:42:39:42:59 | unsafe_query.as_str() |
| mysql.rs:45:30:45:52 | prepared_query.as_str() |
| mysql.rs:46:45:46:66 | remote_string.as_str() |
| mysql.rs:47:71:47:92 | remote_string.as_str() |
| mysql.rs:48:46:48:67 | remote_string.as_str() |
| mysql.rs:49:33:49:54 | remote_string.as_str() |
| mysql.rs:50:46:50:67 | remote_string.as_str() |
| mysql.rs:52:37:52:58 | remote_string.as_str() |
| mysql.rs:56:14:56:35 | remote_string.as_str() |
| mysql.rs:62:14:62:35 | remote_string.as_str() |
| mysql.rs:66:40:66:61 | remote_string.as_str() |
| mysql.rs:67:39:67:60 | remote_string.as_str() |
| mysql.rs:70:14:70:35 | remote_string.as_str() |
| mysql.rs:75:31:75:51 | unsafe_query.as_str() |
| mysql.rs:80:26:80:46 | unsafe_query.as_str() |
| mysql.rs:100:24:100:39 | ...::from(...) |
| mysql.rs:101:26:101:85 | ...::from(...) |
| mysql.rs:103:13:103:66 | ...::from(...) |
| mysql.rs:104:30:104:83 | ...::from(...) |
| mysql.rs:107:38:107:56 | safe_query.as_str() |
| mysql.rs:110:38:110:58 | unsafe_query.as_str() |
| mysql.rs:111:25:111:45 | unsafe_query.as_str() |
| mysql.rs:112:47:112:67 | unsafe_query.as_str() |
| mysql.rs:114:25:114:45 | unsafe_query.as_str() |
| mysql.rs:116:33:116:53 | unsafe_query.as_str() |
| mysql.rs:118:40:118:60 | unsafe_query.as_str() |
| mysql.rs:121:24:121:44 | unsafe_query.as_str() |
| mysql.rs:125:30:125:52 | prepared_query.as_str() |
| mysql.rs:126:45:126:66 | remote_string.as_str() |
| mysql.rs:128:38:128:59 | remote_string.as_str() |
| mysql.rs:130:33:130:54 | remote_string.as_str() |
| mysql.rs:131:54:131:75 | remote_string.as_str() |
| mysql.rs:135:18:135:39 | remote_string.as_str() |
| mysql.rs:140:40:140:61 | remote_string.as_str() |
| mysql.rs:142:62:142:83 | remote_string.as_str() |
| mysql.rs:145:31:145:52 | remote_string.as_str() |
| mysql.rs:149:31:149:51 | unsafe_query.as_str() |
| mysql.rs:154:26:154:46 | unsafe_query.as_str() |
| sqlx.rs:46:24:46:44 | ...::from(...) |
| sqlx.rs:47:56:47:76 | ...::from(...) |
| sqlx.rs:48:97:48:117 | ...::from(...) |
| sqlx.rs:50:24:50:83 | ...::from(...) |
| sqlx.rs:51:24:51:77 | ...::from(...) |
| sqlx.rs:55:26:55:79 | ...::from(...) |
| sqlx.rs:61:28:61:81 | ...::from(...) |
| sqlx.rs:64:57:64:77 | safe_query_1.as_str() |
| sqlx.rs:65:26:65:46 | safe_query_2.as_str() |
| sqlx.rs:66:26:66:46 | safe_query_3.as_str() |
| sqlx.rs:67:26:67:48 | unsafe_query_1.as_str() |
| sqlx.rs:69:30:69:52 | unsafe_query_2.as_str() |
| sqlx.rs:70:30:70:52 | unsafe_query_3.as_str() |
| sqlx.rs:71:30:71:52 | unsafe_query_4.as_str() |
| sqlx.rs:75:25:75:45 | safe_query_1.as_str() |
| sqlx.rs:76:25:76:45 | safe_query_2.as_str() |
| sqlx.rs:77:25:77:45 | safe_query_3.as_str() |
| sqlx.rs:78:25:78:47 | unsafe_query_1.as_str() |
| sqlx.rs:80:29:80:51 | unsafe_query_2.as_str() |
| sqlx.rs:81:29:81:51 | unsafe_query_3.as_str() |
| sqlx.rs:82:29:82:51 | unsafe_query_4.as_str() |
| sqlx.rs:84:25:84:49 | prepared_query_1.as_str() |
| sqlx.rs:85:25:85:49 | prepared_query_1.as_str() |
| sqlx.rs:87:29:87:53 | prepared_query_1.as_str() |
| sqlx.rs:88:29:88:53 | prepared_query_1.as_str() |
| sqlx.rs:99:24:99:44 | ...::from(...) |
| sqlx.rs:100:97:100:117 | ...::from(...) |
| sqlx.rs:101:24:101:77 | ...::from(...) |
| sqlx.rs:102:26:102:79 | ...::from(...) |
| sqlx.rs:103:28:103:81 | ...::from(...) |
| sqlx.rs:106:26:106:46 | safe_query_1.as_str() |
| sqlx.rs:108:30:108:52 | unsafe_query_1.as_str() |
| sqlx.rs:111:27:111:47 | safe_query_1.as_str() |
| sqlx.rs:113:31:113:53 | unsafe_query_1.as_str() |
| sqlx.rs:117:25:117:45 | safe_query_1.as_str() |
| sqlx.rs:118:25:118:49 | prepared_query_1.as_str() |
| sqlx.rs:120:29:120:51 | unsafe_query_1.as_str() |
| sqlx.rs:121:29:121:53 | prepared_query_1.as_str() |
| sqlx.rs:124:25:124:45 | safe_query_1.as_str() |
| sqlx.rs:125:25:125:49 | prepared_query_1.as_str() |
| sqlx.rs:127:29:127:51 | unsafe_query_1.as_str() |
| sqlx.rs:128:29:128:53 | prepared_query_1.as_str() |
| sqlx.rs:131:54:131:74 | safe_query_1.as_str() |
| sqlx.rs:133:54:133:78 | prepared_query_1.as_str() |
| sqlx.rs:136:55:136:77 | unsafe_query_1.as_str() |
| sqlx.rs:137:55:137:79 | prepared_query_1.as_str() |
| sqlx.rs:140:54:140:74 | safe_query_1.as_str() |
| sqlx.rs:142:54:142:78 | prepared_query_1.as_str() |
| sqlx.rs:145:55:145:77 | unsafe_query_1.as_str() |
| sqlx.rs:146:55:146:79 | prepared_query_1.as_str() |
| sqlx.rs:149:25:149:45 | safe_query_1.as_str() |
| sqlx.rs:150:25:150:49 | prepared_query_1.as_str() |
| sqlx.rs:153:29:153:51 | unsafe_query_1.as_str() |
| sqlx.rs:154:29:154:53 | prepared_query_1.as_str() |
| sqlx.rs:172:24:172:44 | ...::from(...) |
| sqlx.rs:173:97:173:117 | ...::from(...) |
| sqlx.rs:174:24:174:77 | ...::from(...) |
| sqlx.rs:175:26:175:79 | ...::from(...) |
| sqlx.rs:176:28:176:82 | ...::from(...) |
| sqlx.rs:179:26:179:46 | safe_query_1.as_str() |
| sqlx.rs:181:30:181:52 | unsafe_query_1.as_str() |
| sqlx.rs:185:25:185:45 | safe_query_1.as_str() |
| sqlx.rs:186:25:186:49 | prepared_query_1.as_str() |
| sqlx.rs:188:29:188:51 | unsafe_query_1.as_str() |
| sqlx.rs:189:29:189:53 | prepared_query_1.as_str() |
| sqlx.rs:202:57:202:85 | ...::from(...) |
multiplePathResolutions
| mysql.rs:5:37:5:74 | Result::<...> |
| mysql.rs:26:20:26:44 | Result::<...> |
| mysql.rs:29:16:29:40 | Result::<...> |
| mysql.rs:34:25:34:49 | Result::<...> |
| mysql.rs:40:17:40:41 | Result::<...> |
| mysql.rs:47:20:47:44 | Result::<...> |
| mysql.rs:51:16:51:40 | Result::<...> |
| mysql.rs:64:25:64:49 | Result::<...> |
| mysql.rs:71:17:71:41 | Result::<...> |
| mysql.rs:91:49:91:58 | Result::<...> |
